// Jest Snapshot v1, https://goo.gl/fbAQLP

exports[`App App snapshot matches 1`] = `
ShallowWrapper {
  "complexSelector": ComplexSelector {
    "buildPredicate": [Function],
    "childrenOfNode": [Function],
    "findWhereUnwrapped": [Function],
  },
  "length": 1,
  "node": <div
    className="App"
>
    <h1>
        App Started 
    </h1>
    <DatePicker
        startTime={"2017-09-15T13:30:00.000Z"}
    />
</div>,
  "nodes": Array [
    <div
      className="App"
>
      <h1>
            App Started 
      </h1>
      <DatePicker
            startTime={"2017-09-15T13:30:00.000Z"}
      />
</div>,
  ],
  "options": Object {},
  "renderer": ReactShallowRenderer {
    "_context": Object {},
    "_element": <App />,
    "_forcedUpdate": false,
    "_instance": App {
      "context": Object {},
      "props": Object {},
      "refs": Object {},
      "state": null,
      "updater": Updater {
        "_callbacks": Array [],
        "_renderer": [Circular],
      },
    },
    "_newState": null,
    "_rendered": <div
      className="App"
>
      <h1>
            App Started 
      </h1>
      <DatePicker
            startTime={"2017-09-15T13:30:00.000Z"}
      />
</div>,
    "_rendering": false,
    "_updater": Updater {
      "_callbacks": Array [],
      "_renderer": [Circular],
    },
    "getRenderOutput": [Function],
    "render": [Function],
  },
  "root": [Circular],
  "unrendered": <App />,
}
`;
