// Jest Snapshot v1, https://goo.gl/fbAQLP

exports[`App App snapshot matches 1`] = `
ShallowWrapper {
  "complexSelector": ComplexSelector {
    "buildPredicate": [Function],
    "childrenOfNode": [Function],
    "findWhereUnwrapped": [Function],
  },
  "length": 1,
  "node": <div
    className="App"
>
    <h1>
        App Started 
    </h1>
    <TextField
        readOnly={true}
    />
</div>,
  "nodes": Array [
    <div
      className="App"
>
      <h1>
            App Started 
      </h1>
      <TextField
            readOnly={true}
      />
</div>,
  ],
  "options": Object {},
  "renderer": ReactShallowRenderer {
    "_context": Object {},
    "_element": <App />,
    "_forcedUpdate": false,
    "_instance": null,
    "_newState": null,
    "_rendered": <div
      className="App"
>
      <h1>
            App Started 
      </h1>
      <TextField
            readOnly={true}
      />
</div>,
    "_rendering": false,
    "_updater": Updater {
      "_callbacks": Array [],
      "_renderer": [Circular],
    },
    "getRenderOutput": [Function],
    "render": [Function],
  },
  "root": [Circular],
  "unrendered": <App />,
}
`;
